{"ts": "2026-09-24T05:21:51.478669+00:00", "event": "cycle_run", "status": "ok", "duration_ms": 22, "detail": 1}
{"ts": "2026-09-24T05:21:53.686308+00:00", "event": "cycle_run", "status": "ok", "duration_ms": 0, "detail": null}
{"ts": "2026-09-24T05:21:54.692326+00:00", "event": "cycle_run", "status": "ok", "duration_ms": 1005, "detail": null}
{"ts": "2026-09-24T05:25:26.680816+00:00", "event": "cycle_run", "status": "ok", "duration_ms": 27, "detail": 1}
{"ts": "2026-09-24T05:25:28.941762+00:00", "event": "cycle_run", "status": "ok", "duration_ms": 0, "detail": null}
{"ts": "2026-09-24T05:25:29.947828+00:00", "event": "cycle_run", "status": "ok", "duration_ms": 1005, "detail": null}
{"ts": "2026-09-24T05:30:27.401787+00:00", "event": "cycle_run", "status": "ok", "duration_ms": 0, "detail": null}
{"ts": "2026-09-24T05:30:28.407919+00:00", "event": "cycle_run", "status": "ok", "duration_ms": 1005, "detail": null}
{"ts": "2026-09-24T05:31:21.308464+00:00", "event": "cycle_run", "status": "ok", "duration_ms": 25, "detail": 1}
{"ts": "2026-09-24T05:31:28.737606+00:00", "event": "cycle_run", "status": "ok", "duration_ms": 23, "detail": 1}
{"ts": "2026-09-24T05:31:31.058482+00:00", "event": "cycle_run", "status": "ok", "duration_ms": 0, "detail": null}
{"ts": "2026-09-24T05:31:32.064314+00:00", "event": "cycle_run", "status": "ok", "duration_ms": 1005, "detail": null}
{"ts": "2026-09-24T05:48:04.835726+00:00", "event": "cycle_run", "status": "ok", "duration_ms": 22, "detail": 1}
{"ts": "2026-09-24T05:48:07.658185+00:00", "event": "cycle_run", "status": "ok", "duration_ms": 0, "detail": null}
{"ts": "2026-09-24T05:48:08.664417+00:00", "event": "cycle_run", "status": "ok", "duration_ms": 1005, "detail": null}
{"ts": "2026-09-24T05:51:19.654177+00:00", "event": "cycle_run", "status": "ok", "duration_ms": 22, "detail": 1}
{"ts": "2026-09-24T05:51:22.446393+00:00", "event": "cycle_run", "status": "ok", "duration_ms": 0, "detail": null}
{"ts": "2026-09-24T05:51:23.452285+00:00", "event": "cycle_run", "status": "ok", "duration_ms": 1005, "detail": null}
{"ts": "2026-09-24T05:52:50.071615+00:00", "event": "cycle_run", "status": "ok", "duration_ms": 22, "detail": 1}
{"ts": "2026-09-24T05:52:53.081267+00:00", "event": "cycle_run", "status": "ok", "duration_ms": 0, "detail": null}
{"ts": "2026-09-24T05:52:54.087430+00:00", "event": "cycle_run", "status": "ok", "duration_ms": 1005, "detail": null}
{"ts": "2026-09-24T05:53:55.298818+00:00", "event": "cycle_run", "status": "ok", "duration_ms": 22, "detail": 1}
{"ts": "2026-09-24T05:53:58.190978+00:00", "event": "cycle_run", "status": "ok", "duration_ms": 0, "detail": null}
{"ts": "2026-09-24T05:53:59.196987+00:00", "event": "cycle_run", "status": "ok", "duration_ms": 1005, "detail": null}
{"ts": "2026-09-24T06:15:22.955903+00:00", "event": "cycle_run", "status": "ok", "duration_ms": 22, "detail": 1}
{"ts": "2026-09-24T06:15:25.768159+00:00", "event": "cycle_run", "status": "ok", "duration_ms": 0, "detail": null}
{"ts": "2026-09-24T06:15:26.774020+00:00", "event": "cycle_run", "status": "ok", "duration_ms": 1005, "detail": null}
{"ts": "2026-09-24T06:19:37.472162+00:00", "event": "cycle_run", "status": "ok", "duration_ms": 23, "detail": 1}
{"ts": "2026-09-24T06:19:40.409399+00:00", "event": "cycle_run", "status": "ok", "duration_ms": 0, "detail": null}
{"ts": "2026-09-24T06:19:41.415318+00:00", "event": "cycle_run", "status": "ok", "duration_ms": 1005, "detail": null}
{"ts": "2026-09-24T06:20:53.616072+00:00", "event": "cycle_run", "status": "ok", "duration_ms": 24, "detail": 1}
{"ts": "2026-09-24T06:20:56.537455+00:00", "event": "cycle_run", "status": "ok", "duration_ms": 0, "detail": null}
{"ts": "2026-09-24T06:20:57.543298+00:00", "event": "cycle_run", "status": "ok", "duration_ms": 1005, "detail": null}
{"ts": "2026-09-24T06:29:12.690318+00:00", "event": "cycle_run", "status": "ok", "duration_ms": 23, "detail": 1}
{"ts": "2026-09-24T06:29:15.551788+00:00", "event": "cycle_run", "status": "ok", "duration_ms": 0, "detail": null}
{"ts": "2026-09-24T06:29:16.557770+00:00", "event": "cycle_run", "status": "ok", "duration_ms": 1005, "detail": null}
{"ts": "2026-09-24T11:10:04.766042+00:00", "event": "cycle_run", "status": "ok", "duration_ms": 22, "detail": 1}
{"ts": "2026-09-24T11:10:07.542006+00:00", "event": "cycle_run", "status": "ok", "duration_ms": 0, "detail": null}
{"ts": "2026-09-24T11:10:08.547969+00:00", "event": "cycle_run", "status": "ok", "duration_ms": 1005, "detail": null}
{"ts": "2026-09-24T11:59:04.413304+00:00", "event": "cycle_run", "status": "ok", "duration_ms": 24, "detail": 1}
{"ts": "2026-09-24T11:59:07.360625+00:00", "event": "cycle_run", "status": "ok", "duration_ms": 0, "detail": null}
{"ts": "2026-09-24T11:59:08.366653+00:00", "event": "cycle_run", "status": "ok", "duration_ms": 1005, "detail": null}
{"ts": "2026-09-24T12:49:37.521739+00:00", "event": "cycle_run", "status": "ok", "duration_ms": 23, "detail": 1}
{"ts": "2026-09-24T12:49:40.425900+00:00", "event": "cycle_run", "status": "ok", "duration_ms": 0, "detail": null}
{"ts": "2026-09-24T12:49:41.431820+00:00", "event": "cycle_run", "status": "ok", "duration_ms": 1005, "detail": null}
{"ts": "2026-09-24T12:58:04.029557+00:00", "event": "cycle_run", "status": "ok", "duration_ms": 23, "detail": 1}
{"ts": "2026-09-24T12:58:07.020747+00:00", "event": "cycle_run", "status": "ok", "duration_ms": 0, "detail": null}
{"ts": "2026-09-24T12:58:08.026701+00:00", "event": "cycle_run", "status": "ok", "duration_ms": 1005, "detail": null}
{"ts": "2026-09-24T12:58:57.455490+00:00", "event": "cycle_run", "status": "ok", "duration_ms": 23, "detail": 1}
{"ts": "2026-09-24T12:59:00.391814+00:00", "event": "cycle_run", "status": "ok", "duration_ms": 0, "detail": null}
{"ts": "2026-09-24T12:59:01.397646+00:00", "event": "cycle_run", "status": "ok", "duration_ms": 1005, "detail": null}
{"ts": "2026-09-24T14:01:04.553716+00:00", "event": "cycle_run", "status": "ok", "duration_ms": 21, "detail": 1}
{"ts": "2026-09-24T14:01:07.293554+00:00", "event": "cycle_run", "status": "ok", "duration_ms": 0, "detail": null}
{"ts": "2026-09-24T14:01:08.299412+00:00", "event": "cycle_run", "status": "ok", "duration_ms": 1005, "detail": null}
{"ts": "2026-09-24T14:25:01.165648+00:00", "event": "cycle_run", "status": "ok", "duration_ms": 20, "detail": 1}
{"ts": "2026-09-24T14:25:03.847074+00:00", "event": "cycle_run", "status": "ok", "duration_ms": 0, "detail": null}
{"ts": "2026-09-24T14:25:04.852838+00:00", "event": "cycle_run", "status": "ok", "duration_ms": 1005, "detail": null}
{"ts": "2026-09-24T14:36:17.393844+00:00", "event": "cycle_run", "status": "ok", "duration_ms": 0, "detail": null}
{"ts": "2026-09-24T14:36:18.399818+00:00", "event": "cycle_run", "status": "ok", "duration_ms": 1005, "detail": null}
{"ts": "2026-09-24T14:36:18.527032+00:00", "event": "cycle_run", "status": "ok", "duration_ms": 60, "detail": 1}
{"ts": "2026-09-24T14:36:33.755236+00:00", "event": "cycle_run", "status": "ok", "duration_ms": 23, "detail": 1}
{"ts": "2026-09-24T14:36:36.702701+00:00", "event": "cycle_run", "status": "ok", "duration_ms": 0, "detail": null}
{"ts": "2026-09-24T14:36:37.708275+00:00", "event": "cycle_run", "status": "ok", "duration_ms": 1005, "detail": null}
{"ts": "2026-09-24T14:37:57.175165+00:00", "event": "cycle_run", "status": "ok", "duration_ms": 20830, "detail": 312}
{"ts": "2026-09-24T14:44:41.319551+00:00", "event": "cycle_run", "status": "ok", "duration_ms": 22, "detail": 1}
{"ts": "2026-09-24T14:44:45.234165+00:00", "event": "cycle_run", "status": "ok", "duration_ms": 0, "detail": null}
{"ts": "2026-09-24T14:44:46.238395+00:00", "event": "cycle_run", "status": "ok", "duration_ms": 1003, "detail": null}
{"ts": "2026-09-24T15:06:18.744241+00:00", "event": "cycle_run", "status": "ok", "duration_ms": 22, "detail": 1}
{"ts": "2026-09-24T15:06:21.523717+00:00", "event": "cycle_run", "status": "ok", "duration_ms": 0, "detail": null}
{"ts": "2026-09-24T15:06:22.529718+00:00", "event": "cycle_run", "status": "ok", "duration_ms": 1005, "detail": null}
{"ts": "2026-09-24T15:08:19.159435+00:00", "event": "cycle_run", "status": "ok", "duration_ms": 21725, "detail": 313}
{"ts": "2026-09-24T15:11:39.797016+00:00", "event": "cycle_run", "status": "ok", "duration_ms": 24123, "detail": 314}
{"ts": "2026-09-24T15:12:13.936719+00:00", "event": "cycle_run", "status": "ok", "duration_ms": 24135, "detail": 315}
{"ts": "2026-09-24T15:13:07.399277+00:00", "event": "cycle_run", "status": "ok", "duration_ms": 23363, "detail": 317}
{"ts": "2026-09-24T15:13:41.355047+00:00", "event": "cycle_run", "status": "ok", "duration_ms": 23949, "detail": 318}
{"ts": "2026-09-24T15:14:10.346550+00:00", "event": "cycle_run", "status": "ok", "duration_ms": 22, "detail": 1}
{"ts": "2026-09-24T15:14:13.188422+00:00", "event": "cycle_run", "status": "ok", "duration_ms": 0, "detail": null}
{"ts": "2026-09-24T15:14:14.194258+00:00", "event": "cycle_run", "status": "ok", "duration_ms": 1005, "detail": null}
{"ts": "2026-09-24T15:14:37.083309+00:00", "event": "cycle_run", "status": "ok", "duration_ms": 24, "detail": 1}
{"ts": "2026-09-24T15:14:40.164888+00:00", "event": "cycle_run", "status": "ok", "duration_ms": 0, "detail": null}
{"ts": "2026-09-24T15:14:41.170815+00:00", "event": "cycle_run", "status": "ok", "duration_ms": 1005, "detail": null}
{"ts": "2026-09-24T15:15:33.653911+00:00", "event": "cycle_run", "status": "ok", "duration_ms": 22968, "detail": 319}
{"ts": "2026-09-24T15:16:37.660289+00:00", "event": "cycle_run", "status": "ok", "duration_ms": 23024, "detail": 320}
{"ts": "2026-09-24T15:27:49.525185+00:00", "event": "cycle_run", "status": "ok", "duration_ms": 23, "detail": 1}
{"ts": "2026-09-24T15:27:52.591874+00:00", "event": "cycle_run", "status": "ok", "duration_ms": 0, "detail": null}
{"ts": "2026-09-24T15:27:53.597682+00:00", "event": "cycle_run", "status": "ok", "duration_ms": 1005, "detail": null}
{"ts": "2026-09-24T15:28:46.994437+00:00", "event": "cycle_run", "status": "ok", "duration_ms": 22, "detail": 1}
{"ts": "2026-09-24T15:28:49.804371+00:00", "event": "cycle_run", "status": "ok", "duration_ms": 0, "detail": null}
{"ts": "2026-09-24T15:28:50.810081+00:00", "event": "cycle_run", "status": "ok", "duration_ms": 1005, "detail": null}
{"ts": "2026-09-24T15:30:47.118953+00:00", "event": "cycle_run", "status": "ok", "duration_ms": 21992, "detail": 321}
{"ts": "2026-09-24T15:32:02.245293+00:00", "event": "cycle_run", "status": "ok", "duration_ms": 23, "detail": 1}
{"ts": "2026-09-24T15:32:05.114438+00:00", "event": "cycle_run", "status": "ok", "duration_ms": 0, "detail": null}
{"ts": "2026-09-24T15:32:06.120421+00:00", "event": "cycle_run", "status": "ok", "duration_ms": 1005, "detail": null}
{"ts": "2026-09-24T15:41:22.605756+00:00", "event": "cycle_run", "status": "ok", "duration_ms": 55, "detail": 1}
{"ts": "2026-09-24T15:41:24.951959+00:00", "event": "cycle_run", "status": "ok", "duration_ms": 50, "detail": 1}
{"ts": "2026-09-24T15:41:27.850879+00:00", "event": "cycle_run", "status": "ok", "duration_ms": 0, "detail": null}
{"ts": "2026-09-24T15:41:28.854480+00:00", "event": "cycle_run", "status": "ok", "duration_ms": 1003, "detail": null}
{"ts": "2026-09-24T15:46:24.657011+00:00", "event": "cycle_run", "status": "ok", "duration_ms": 54, "detail": 1}
{"ts": "2026-09-24T15:46:27.724138+00:00", "event": "cycle_run", "status": "ok", "duration_ms": 0, "detail": null}
{"ts": "2026-09-24T15:46:28.730235+00:00", "event": "cycle_run", "status": "ok", "duration_ms": 1005, "detail": null}
{"ts": "2026-09-24T15:48:14.843104+00:00", "event": "cycle_run", "status": "ok", "duration_ms": 55, "detail": 1}
{"ts": "2026-09-24T15:48:17.942136+00:00", "event": "cycle_run", "status": "ok", "duration_ms": 0, "detail": null}
{"ts": "2026-09-24T15:48:18.947955+00:00", "event": "cycle_run", "status": "ok", "duration_ms": 1005, "detail": null}
{"ts": "2026-09-24T15:57:57.534690+00:00", "event": "cycle_run", "status": "ok", "duration_ms": 52, "detail": 1}
{"ts": "2026-09-24T15:58:00.605732+00:00", "event": "cycle_run", "status": "ok", "duration_ms": 0, "detail": null}
{"ts": "2026-09-24T15:58:01.611774+00:00", "event": "cycle_run", "status": "ok", "duration_ms": 1005, "detail": null}
{"ts": "2026-09-24T16:02:09.700098+00:00", "event": "cycle_run", "status": "ok", "duration_ms": 52, "detail": 1}
{"ts": "2026-09-24T16:02:12.747246+00:00", "event": "cycle_run", "status": "ok", "duration_ms": 0, "detail": null}
{"ts": "2026-09-24T16:02:13.753218+00:00", "event": "cycle_run", "status": "ok", "duration_ms": 1005, "detail": null}
{"ts": "2026-09-24T16:03:47.263016+00:00", "event": "cycle_run", "status": "error", "duration_ms": 23281, "detail": 322}
{"ts": "2026-09-24T16:05:54.799304+00:00", "event": "cycle_run", "status": "ok", "duration_ms": 52, "detail": 1}
{"ts": "2026-09-24T16:05:57.965276+00:00", "event": "cycle_run", "status": "ok", "duration_ms": 0, "detail": null}
{"ts": "2026-09-24T16:05:58.967243+00:00", "event": "cycle_run", "status": "ok", "duration_ms": 1001, "detail": null}
{"ts": "2026-09-24T16:07:52.526611+00:00", "event": "cycle_run", "status": "ok", "duration_ms": 52, "detail": 1}
{"ts": "2026-09-24T16:07:55.618497+00:00", "event": "cycle_run", "status": "ok", "duration_ms": 0, "detail": null}
{"ts": "2026-09-24T16:07:56.624327+00:00", "event": "cycle_run", "status": "ok", "duration_ms": 1005, "detail": null}
{"ts": "2026-09-24T16:15:01.853596+00:00", "event": "cycle_run", "status": "ok", "duration_ms": 52, "detail": 1}
{"ts": "2026-09-24T16:15:04.818975+00:00", "event": "cycle_run", "status": "ok", "duration_ms": 0, "detail": null}
{"ts": "2026-09-24T16:15:05.825303+00:00", "event": "cycle_run", "status": "ok", "duration_ms": 1005, "detail": null}
{"ts": "2026-09-24T16:15:52.392496+00:00", "event": "cycle_run", "status": "ok", "duration_ms": 52, "detail": 1}
{"ts": "2026-09-24T16:15:55.432640+00:00", "event": "cycle_run", "status": "ok", "duration_ms": 0, "detail": null}
{"ts": "2026-09-24T16:15:56.438641+00:00", "event": "cycle_run", "status": "ok", "duration_ms": 1005, "detail": null}
{"ts": "2026-09-24T16:30:27.042744+00:00", "event": "cycle_run", "status": "ok", "duration_ms": 51, "detail": 1}
{"ts": "2026-09-24T16:30:30.105002+00:00", "event": "cycle_run", "status": "ok", "duration_ms": 0, "detail": null}
{"ts": "2026-09-24T16:30:31.110985+00:00", "event": "cycle_run", "status": "ok", "duration_ms": 1005, "detail": null}
{"ts": "2026-09-24T16:34:10.698628+00:00", "event": "cycle_run", "status": "error", "duration_ms": 23145, "detail": 323}
{"ts": "2026-09-24T16:37:52.168705+00:00", "event": "cycle_run", "status": "ok", "duration_ms": 54, "detail": 1}
{"ts": "2026-09-24T16:37:55.287683+00:00", "event": "cycle_run", "status": "ok", "duration_ms": 0, "detail": null}
{"ts": "2026-09-24T16:37:56.293582+00:00", "event": "cycle_run", "status": "ok", "duration_ms": 1005, "detail": null}
{"ts": "2026-09-24T16:43:38.486859+00:00", "event": "cycle_run", "status": "ok", "duration_ms": 52, "detail": 1}
{"ts": "2026-09-24T16:43:41.543001+00:00", "event": "cycle_run", "status": "ok", "duration_ms": 0, "detail": null}
{"ts": "2026-09-24T16:43:42.544328+00:00", "event": "cycle_run", "status": "ok", "duration_ms": 1000, "detail": null}
{"ts": "2026-09-24T16:51:41.752062+00:00", "event": "cycle_run", "status": "ok", "duration_ms": 51, "detail": 1}
{"ts": "2026-09-24T16:51:44.878393+00:00", "event": "cycle_run", "status": "ok", "duration_ms": 0, "detail": null}
{"ts": "2026-09-24T16:51:45.884020+00:00", "event": "cycle_run", "status": "ok", "duration_ms": 1005, "detail": null}
{"ts": "2026-09-24T16:55:17.119584+00:00", "event": "cycle_run", "status": "ok", "duration_ms": 24373, "detail": 324}
{"ts": "2026-09-24T16:56:09.829562+00:00", "event": "cycle_run", "status": "ok", "duration_ms": 54, "detail": 1}
{"ts": "2026-09-24T16:56:12.814640+00:00", "event": "cycle_run", "status": "ok", "duration_ms": 0, "detail": null}
{"ts": "2026-09-24T16:56:13.820574+00:00", "event": "cycle_run", "status": "ok", "duration_ms": 1005, "detail": null}
{"ts": "2026-09-24T16:57:57.088592+00:00", "event": "cycle_run", "status": "ok", "duration_ms": 51, "detail": 1}
{"ts": "2026-09-24T16:58:00.046193+00:00", "event": "cycle_run", "status": "ok", "duration_ms": 0, "detail": null}
{"ts": "2026-09-24T16:58:01.052088+00:00", "event": "cycle_run", "status": "ok", "duration_ms": 1005, "detail": null}
{"ts": "2026-09-24T17:03:01.640494+00:00", "event": "cycle_run", "status": "ok", "duration_ms": 56, "detail": 1}
{"ts": "2026-09-24T17:03:04.818629+00:00", "event": "cycle_run", "status": "ok", "duration_ms": 0, "detail": null}
{"ts": "2026-09-24T17:03:05.824679+00:00", "event": "cycle_run", "status": "ok", "duration_ms": 1005, "detail": null}
{"ts": "2026-09-24T17:03:20.805737+00:00", "event": "cycle_run", "status": "ok", "duration_ms": 61, "detail": 1}
{"ts": "2026-09-24T17:03:23.975066+00:00", "event": "cycle_run", "status": "ok", "duration_ms": 0, "detail": null}
{"ts": "2026-09-24T17:03:24.977358+00:00", "event": "cycle_run", "status": "ok", "duration_ms": 1001, "detail": null}
{"ts": "2026-09-24T17:09:43.734389+00:00", "event": "cycle_run", "status": "ok", "duration_ms": 51, "detail": 1}
{"ts": "2026-09-24T17:09:46.670763+00:00", "event": "cycle_run", "status": "ok", "duration_ms": 0, "detail": null}
{"ts": "2026-09-24T17:09:47.676866+00:00", "event": "cycle_run", "status": "ok", "duration_ms": 1005, "detail": null}
{"ts": "2026-09-24T17:17:35.858767+00:00", "event": "cycle_run", "status": "ok", "duration_ms": 51, "detail": 1}
{"ts": "2026-09-24T17:17:38.773815+00:00", "event": "cycle_run", "status": "ok", "duration_ms": 0, "detail": null}
{"ts": "2026-09-24T17:17:39.779476+00:00", "event": "cycle_run", "status": "ok", "duration_ms": 1005, "detail": null}
{"ts": "2026-09-24T17:19:59.358276+00:00", "event": "cycle_run", "status": "ok", "duration_ms": 53, "detail": 1}
{"ts": "2026-09-24T17:20:02.362464+00:00", "event": "cycle_run", "status": "ok", "duration_ms": 0, "detail": null}
{"ts": "2026-09-24T17:20:03.368250+00:00", "event": "cycle_run", "status": "ok", "duration_ms": 1005, "detail": null}
{"ts": "2026-09-24T17:25:23.380169+00:00", "event": "cycle_run", "status": "ok", "duration_ms": 83, "detail": 1}
{"ts": "2026-09-24T17:25:43.677753+00:00", "event": "cycle_run", "status": "error", "duration_ms": 26286, "detail": 325}
{"ts": "2026-09-24T17:26:03.159491+00:00", "event": "cycle_run", "status": "ok", "duration_ms": 0, "detail": null}
{"ts": "2026-09-24T17:26:04.163723+00:00", "event": "cycle_run", "status": "ok", "duration_ms": 1003, "detail": null}
{"ts": "2026-09-24T17:26:18.967168+00:00", "event": "cycle_run", "status": "ok", "duration_ms": 65, "detail": 1}
{"ts": "2026-09-24T17:26:31.709409+00:00", "event": "cycle_run", "status": "error", "duration_ms": 25971, "detail": 326}
{"ts": "2026-09-24T17:27:16.475892+00:00", "event": "cycle_run", "status": "error", "duration_ms": 27283, "detail": 327}
{"ts": "2026-09-24T17:34:33.086814+00:00", "event": "cycle_run", "status": "ok", "duration_ms": 62, "detail": 1}
{"ts": "2026-09-24T17:34:36.143951+00:00", "event": "cycle_run", "status": "ok", "duration_ms": 0, "detail": null}
{"ts": "2026-09-24T17:34:37.150774+00:00", "event": "cycle_run", "status": "ok", "duration_ms": 1006, "detail": null}
{"ts": "2026-09-24T17:41:59.800950+00:00", "event": "cycle_run", "status": "ok", "duration_ms": 55, "detail": 1}
{"ts": "2026-09-24T17:42:02.811349+00:00", "event": "cycle_run", "status": "ok", "duration_ms": 0, "detail": null}
{"ts": "2026-09-24T17:42:03.817456+00:00", "event": "cycle_run", "status": "ok", "duration_ms": 1005, "detail": null}
{"ts": "2026-09-24T17:45:59.544606+00:00", "event": "cycle_run", "status": "ok", "duration_ms": 52, "detail": 1}
{"ts": "2026-09-24T17:46:02.557400+00:00", "event": "cycle_run", "status": "ok", "duration_ms": 0, "detail": null}
{"ts": "2026-09-24T17:46:03.563190+00:00", "event": "cycle_run", "status": "ok", "duration_ms": 1005, "detail": null}
{"ts": "2026-09-24T17:50:09.280375+00:00", "event": "cycle_run", "status": "ok", "duration_ms": 52, "detail": 1}
{"ts": "2026-09-24T17:50:12.322100+00:00", "event": "cycle_run", "status": "ok", "duration_ms": 0, "detail": null}
{"ts": "2026-09-24T17:50:13.324637+00:00", "event": "cycle_run", "status": "ok", "duration_ms": 1002, "detail": null}
{"ts": "2026-09-24T17:57:43.714063+00:00", "event": "cycle_run", "status": "error", "duration_ms": 26920, "detail": 328}
{"ts": "2026-09-24T18:07:38.499019+00:00", "event": "cycle_run", "status": "ok", "duration_ms": 52, "detail": 1}
{"ts": "2026-09-24T18:07:41.475530+00:00", "event": "cycle_run", "status": "ok", "duration_ms": 0, "detail": null}
{"ts": "2026-09-24T18:07:42.481465+00:00", "event": "cycle_run", "status": "ok", "duration_ms": 1005, "detail": null}
{"ts": "2026-09-24T18:15:41.978317+00:00", "event": "cycle_run", "status": "ok", "duration_ms": 55, "detail": 1}
{"ts": "2026-09-24T18:15:45.004325+00:00", "event": "cycle_run", "status": "ok", "duration_ms": 0, "detail": null}
{"ts": "2026-09-24T18:15:46.010676+00:00", "event": "cycle_run", "status": "ok", "duration_ms": 1005, "detail": null}
{"ts": "2026-09-24T18:19:46.044871+00:00", "event": "cycle_run", "status": "ok", "duration_ms": 54, "detail": 1}
{"ts": "2026-09-24T18:19:48.952915+00:00", "event": "cycle_run", "status": "ok", "duration_ms": 0, "detail": null}
{"ts": "2026-09-24T18:19:49.959027+00:00", "event": "cycle_run", "status": "ok", "duration_ms": 1005, "detail": null}
{"ts": "2026-09-24T18:20:35.735129+00:00", "event": "cycle_run", "status": "ok", "duration_ms": 58, "detail": 1}
{"ts": "2026-09-24T18:20:38.746359+00:00", "event": "cycle_run", "status": "ok", "duration_ms": 0, "detail": null}
{"ts": "2026-09-24T18:20:39.752240+00:00", "event": "cycle_run", "status": "ok", "duration_ms": 1005, "detail": null}
{"ts": "2026-09-24T18:26:16.849115+00:00", "event": "cycle_run", "status": "ok", "duration_ms": 63, "detail": 1}
{"ts": "2026-09-24T18:26:20.022644+00:00", "event": "cycle_run", "status": "ok", "duration_ms": 0, "detail": null}
{"ts": "2026-09-24T18:26:21.028637+00:00", "event": "cycle_run", "status": "ok", "duration_ms": 1005, "detail": null}
{"ts": "2026-09-24T18:27:59.074720+00:00", "event": "cycle_run", "status": "ok", "duration_ms": 57, "detail": 1}
{"ts": "2026-09-24T18:28:46.090150+00:00", "event": "cycle_run", "status": "error", "duration_ms": 62369, "detail": 329}
{"ts": "2026-09-24T18:31:06.660022+00:00", "event": "cycle_run", "status": "ok", "duration_ms": 63, "detail": 1}
{"ts": "2026-09-24T18:31:09.548753+00:00", "event": "cycle_run", "status": "ok", "duration_ms": 0, "detail": null}
{"ts": "2026-09-24T18:31:10.555460+00:00", "event": "cycle_run", "status": "ok", "duration_ms": 1006, "detail": null}
{"ts": "2026-09-24T18:32:37.609608+00:00", "event": "cycle_run", "status": "ok", "duration_ms": 0, "detail": null}
{"ts": "2026-09-24T18:32:38.612040+00:00", "event": "cycle_run", "status": "ok", "duration_ms": 1001, "detail": null}
{"ts": "2026-09-24T18:32:39.008766+00:00", "event": "cycle_run", "status": "ok", "duration_ms": 235, "detail": 1}
{"ts": "2026-09-24T18:32:41.357666+00:00", "event": "cycle_run", "status": "ok", "duration_ms": 54, "detail": 1}
{"ts": "2026-09-24T18:32:44.532608+00:00", "event": "cycle_run", "status": "ok", "duration_ms": 0, "detail": null}
{"ts": "2026-09-24T18:32:45.539012+00:00", "event": "cycle_run", "status": "ok", "duration_ms": 1005, "detail": null}
{"ts": "2026-09-24T18:33:37.206888+00:00", "event": "cycle_run", "status": "ok", "duration_ms": 67, "detail": 1}
{"ts": "2026-09-24T18:33:41.168781+00:00", "event": "cycle_run", "status": "ok", "duration_ms": 0, "detail": null}
{"ts": "2026-09-24T18:33:42.176825+00:00", "event": "cycle_run", "status": "ok", "duration_ms": 1007, "detail": null}
{"ts": "2026-09-24T18:36:53.503892+00:00", "event": "cycle_run", "status": "ok", "duration_ms": 28559, "detail": 330}
{"ts": "2026-09-24T18:37:07.634948+00:00", "event": "cycle_run", "status": "ok", "duration_ms": 62, "detail": 1}
{"ts": "2026-09-24T18:37:10.970285+00:00", "event": "cycle_run", "status": "ok", "duration_ms": 0, "detail": null}
{"ts": "2026-09-24T18:37:11.975386+00:00", "event": "cycle_run", "status": "ok", "duration_ms": 1004, "detail": null}
{"ts": "2026-09-24T18:37:30.112932+00:00", "event": "cycle_run", "status": "ok", "duration_ms": 26217, "detail": 331}
{"ts": "2026-09-24T18:38:06.837264+00:00", "event": "cycle_run", "status": "ok", "duration_ms": 26278, "detail": 332}
{"ts": "2026-09-24T18:42:37.203532+00:00", "event": "cycle_run", "status": "ok", "duration_ms": 51, "detail": 1}
{"ts": "2026-09-24T18:42:40.255723+00:00", "event": "cycle_run", "status": "ok", "duration_ms": 0, "detail": null}
{"ts": "2026-09-24T18:42:41.261676+00:00", "event": "cycle_run", "status": "ok", "duration_ms": 1005, "detail": null}
{"ts": "2026-09-24T18:46:59.359388+00:00", "event": "cycle_run", "status": "ok", "duration_ms": 55, "detail": 1}
{"ts": "2026-09-24T18:47:02.412986+00:00", "event": "cycle_run", "status": "ok", "duration_ms": 0, "detail": null}
{"ts": "2026-09-24T18:47:03.419265+00:00", "event": "cycle_run", "status": "ok", "duration_ms": 1005, "detail": null}
{"ts": "2026-09-24T18:51:09.451062+00:00", "event": "cycle_run", "status": "ok", "duration_ms": 50, "detail": 1}
{"ts": "2026-09-24T18:51:12.328871+00:00", "event": "cycle_run", "status": "ok", "duration_ms": 0, "detail": null}
{"ts": "2026-09-24T18:51:13.332140+00:00", "event": "cycle_run", "status": "ok", "duration_ms": 1002, "detail": null}
{"ts": "2026-09-24T18:55:06.982148+00:00", "event": "cycle_run", "status": "ok", "duration_ms": 52, "detail": 1}
{"ts": "2026-09-24T18:55:10.051253+00:00", "event": "cycle_run", "status": "ok", "duration_ms": 0, "detail": null}
{"ts": "2026-09-24T18:55:11.054766+00:00", "event": "cycle_run", "status": "ok", "duration_ms": 1002, "detail": null}
{"ts": "2026-09-24T19:01:09.134210+00:00", "event": "cycle_run", "status": "ok", "duration_ms": 52, "detail": 1}
{"ts": "2026-09-24T19:01:12.151393+00:00", "event": "cycle_run", "status": "ok", "duration_ms": 0, "detail": null}
{"ts": "2026-09-24T19:01:13.153770+00:00", "event": "cycle_run", "status": "ok", "duration_ms": 1001, "detail": null}
{"ts": "2026-09-24T19:02:47.707787+00:00", "event": "cycle_run", "status": "ok", "duration_ms": 53, "detail": 1}
{"ts": "2026-09-24T19:02:50.872090+00:00", "event": "cycle_run", "status": "ok", "duration_ms": 0, "detail": null}
{"ts": "2026-09-24T19:02:51.877615+00:00", "event": "cycle_run", "status": "ok", "duration_ms": 1004, "detail": null}
{"ts": "2026-09-24T19:08:03.327557+00:00", "event": "cycle_run", "status": "ok", "duration_ms": 52, "detail": 1}
{"ts": "2026-09-24T19:08:06.400127+00:00", "event": "cycle_run", "status": "ok", "duration_ms": 0, "detail": null}
{"ts": "2026-09-24T19:08:07.406048+00:00", "event": "cycle_run", "status": "ok", "duration_ms": 1005, "detail": null}
{"ts": "2026-09-24T19:08:32.084517+00:00", "event": "cycle_run", "status": "ok", "duration_ms": 24860, "detail": 333}
{"ts": "2026-09-24T19:11:29.439492+00:00", "event": "cycle_run", "status": "ok", "duration_ms": 51, "detail": 1}
{"ts": "2026-09-24T19:11:32.542426+00:00", "event": "cycle_run", "status": "ok", "duration_ms": 0, "detail": null}
{"ts": "2026-09-24T19:11:33.548299+00:00", "event": "cycle_run", "status": "ok", "duration_ms": 1005, "detail": null}
{"ts": "2026-09-24T19:22:28.185072+00:00", "event": "cycle_run", "status": "ok", "duration_ms": 37374, "detail": 334}
{"ts": "2026-09-24T19:38:22.081598+00:00", "event": "cycle_run", "status": "error", "duration_ms": 4043, "detail": null}
{"ts": "2026-09-24T20:00:33.789365+00:00", "event": "cycle_run", "status": "ok", "duration_ms": 56, "detail": 1}
{"ts": "2026-09-24T20:00:36.767271+00:00", "event": "cycle_run", "status": "ok", "duration_ms": 0, "detail": null}
{"ts": "2026-09-24T20:00:37.773437+00:00", "event": "cycle_run", "status": "ok", "duration_ms": 1005, "detail": null}
{"ts": "2026-09-24T20:16:58.940087+00:00", "event": "cycle_run", "status": "ok", "duration_ms": 62, "detail": 1}
{"ts": "2026-09-24T20:18:41.932182+00:00", "event": "cycle_run", "status": "ok", "duration_ms": 59, "detail": 1}
{"ts": "2026-09-24T20:18:45.050002+00:00", "event": "cycle_run", "status": "ok", "duration_ms": 0, "detail": null}
{"ts": "2026-09-24T20:18:46.056056+00:00", "event": "cycle_run", "status": "ok", "duration_ms": 1005, "detail": null}
{"ts": "2026-09-24T20:20:00.211252+00:00", "event": "cycle_run", "status": "ok", "duration_ms": 60, "detail": 1}
{"ts": "2026-09-24T20:20:03.402566+00:00", "event": "cycle_run", "status": "ok", "duration_ms": 0, "detail": null}
{"ts": "2026-09-24T20:20:04.408748+00:00", "event": "cycle_run", "status": "ok", "duration_ms": 1005, "detail": null}
{"ts": "2026-09-24T21:24:50.268399+00:00", "event": "cycle_run", "status": "ok", "duration_ms": 58, "detail": 1}
{"ts": "2026-09-24T21:24:53.425129+00:00", "event": "cycle_run", "status": "ok", "duration_ms": 0, "detail": null}
{"ts": "2026-09-24T21:24:54.431327+00:00", "event": "cycle_run", "status": "ok", "duration_ms": 1005, "detail": null}
{"ts": "2026-09-24T21:29:47.687364+00:00", "event": "cycle_run", "status": "ok", "duration_ms": 55, "detail": 1}
{"ts": "2026-09-24T21:29:50.857775+00:00", "event": "cycle_run", "status": "ok", "duration_ms": 0, "detail": null}
{"ts": "2026-09-24T21:29:51.863814+00:00", "event": "cycle_run", "status": "ok", "duration_ms": 1005, "detail": null}
{"ts": "2026-09-24T21:30:58.451376+00:00", "event": "cycle_run", "status": "ok", "duration_ms": 58, "detail": 1}
{"ts": "2026-09-24T21:30:58.632796+00:00", "event": "cycle_run", "status": "ok", "duration_ms": 0, "detail": null}
{"ts": "2026-09-24T21:30:59.635874+00:00", "event": "cycle_run", "status": "ok", "duration_ms": 1002, "detail": null}
{"ts": "2026-09-24T21:48:30.270157+00:00", "event": "cycle_run", "status": "ok", "duration_ms": 56, "detail": 1}
{"ts": "2026-09-24T21:48:33.578402+00:00", "event": "cycle_run", "status": "ok", "duration_ms": 0, "detail": null}
{"ts": "2026-09-24T21:48:34.585060+00:00", "event": "cycle_run", "status": "ok", "duration_ms": 1005, "detail": null}
{"ts": "2026-09-24T22:06:48.672909+00:00", "event": "cycle_run", "status": "ok", "duration_ms": 56, "detail": 1}
{"ts": "2026-09-24T22:06:51.759177+00:00", "event": "cycle_run", "status": "ok", "duration_ms": 0, "detail": null}
{"ts": "2026-09-24T22:06:52.765302+00:00", "event": "cycle_run", "status": "ok", "duration_ms": 1005, "detail": null}
{"ts": "2026-09-25T08:55:32.781531+00:00", "event": "cycle_run", "status": "ok", "duration_ms": 55, "detail": 1}
{"ts": "2026-09-25T08:55:35.475048+00:00", "event": "cycle_run", "status": "ok", "duration_ms": 0, "detail": null}
{"ts": "2026-09-25T08:55:36.479408+00:00", "event": "cycle_run", "status": "ok", "duration_ms": 1003, "detail": null}
{"ts": "2026-09-25T09:03:05.163063+00:00", "event": "cycle_run", "status": "ok", "duration_ms": 56, "detail": 1}
{"ts": "2026-09-25T09:03:07.852403+00:00", "event": "cycle_run", "status": "ok", "duration_ms": 0, "detail": null}
{"ts": "2026-09-25T09:03:08.858542+00:00", "event": "cycle_run", "status": "ok", "duration_ms": 1005, "detail": null}
{"ts": "2026-09-25T09:45:34.703761+00:00", "event": "cycle_run", "status": "ok", "duration_ms": 57, "detail": 1}
{"ts": "2026-09-25T09:45:37.480364+00:00", "event": "cycle_run", "status": "ok", "duration_ms": 0, "detail": null}
{"ts": "2026-09-25T09:45:38.484604+00:00", "event": "cycle_run", "status": "ok", "duration_ms": 1003, "detail": null}
{"ts": "2026-09-25T09:46:46.155487+00:00", "event": "cycle_run", "status": "ok", "duration_ms": 194, "detail": 1}
{"ts": "2026-09-25T09:46:48.808920+00:00", "event": "cycle_run", "status": "ok", "duration_ms": 0, "detail": null}
{"ts": "2026-09-25T09:46:49.812121+00:00", "event": "cycle_run", "status": "ok", "duration_ms": 1002, "detail": null}
{"ts": "2026-09-25T09:55:06.858086+00:00", "event": "cycle_run", "status": "ok", "duration_ms": 54, "detail": 1}
{"ts": "2026-09-25T09:55:09.616860+00:00", "event": "cycle_run", "status": "ok", "duration_ms": 0, "detail": null}
{"ts": "2026-09-25T09:55:10.623073+00:00", "event": "cycle_run", "status": "ok", "duration_ms": 1005, "detail": null}
{"ts": "2026-09-25T10:02:00.047534+00:00", "event": "cycle_run", "status": "ok", "duration_ms": 57, "detail": 1}
{"ts": "2026-09-25T10:02:00.227782+00:00", "event": "cycle_run", "status": "ok", "duration_ms": 0, "detail": null}
{"ts": "2026-09-25T10:02:01.238886+00:00", "event": "cycle_run", "status": "ok", "duration_ms": 1010, "detail": null}
{"ts": "2026-09-25T10:02:06.848895+00:00", "event": "cycle_run", "status": "ok", "duration_ms": 54, "detail": 1}
{"ts": "2026-09-25T10:02:09.613542+00:00", "event": "cycle_run", "status": "ok", "duration_ms": 0, "detail": null}
{"ts": "2026-09-25T10:02:10.624716+00:00", "event": "cycle_run", "status": "ok", "duration_ms": 1010, "detail": null}
{"ts": "2026-09-25T10:06:32.621187+00:00", "event": "cycle_run", "status": "ok", "duration_ms": 73, "detail": 1}
{"ts": "2026-09-25T10:06:35.749285+00:00", "event": "cycle_run", "status": "ok", "duration_ms": 0, "detail": null}
{"ts": "2026-09-25T10:06:36.755423+00:00", "event": "cycle_run", "status": "ok", "duration_ms": 1005, "detail": null}
{"ts": "2026-09-25T10:09:36.964645+00:00", "event": "cycle_run", "status": "ok", "duration_ms": 0, "detail": null}
{"ts": "2026-09-25T10:09:37.969298+00:00", "event": "cycle_run", "status": "ok", "duration_ms": 1003, "detail": null}
{"ts": "2026-09-25T10:26:20.712816+00:00", "event": "cycle_run", "status": "ok", "duration_ms": 83, "detail": 1}
{"ts": "2026-09-25T10:26:23.449221+00:00", "event": "cycle_run", "status": "ok", "duration_ms": 0, "detail": null}
{"ts": "2026-09-25T10:26:24.455259+00:00", "event": "cycle_run", "status": "ok", "duration_ms": 1005, "detail": null}
{"ts": "2026-09-25T10:54:20.321445+00:00", "event": "cycle_run", "status": "ok", "duration_ms": 99, "detail": 1}
{"ts": "2026-09-25T10:54:23.540586+00:00", "event": "cycle_run", "status": "ok", "duration_ms": 0, "detail": null}
{"ts": "2026-09-25T10:54:24.546860+00:00", "event": "cycle_run", "status": "ok", "duration_ms": 1005, "detail": null}
{"ts": "2026-09-25T11:05:38.682872+00:00", "event": "cycle_run", "status": "ok", "duration_ms": 56, "detail": 1}
{"ts": "2026-09-25T11:05:42.126399+00:00", "event": "cycle_run", "status": "ok", "duration_ms": 0, "detail": null}
{"ts": "2026-09-25T11:05:43.132679+00:00", "event": "cycle_run", "status": "ok", "duration_ms": 1005, "detail": null}
{"ts": "2026-09-25T12:25:32.384190+00:00", "event": "cycle_run", "status": "ok", "duration_ms": 140, "detail": 1}
{"ts": "2026-09-25T12:25:36.026526+00:00", "event": "cycle_run", "status": "ok", "duration_ms": 0, "detail": null}
{"ts": "2026-09-25T12:25:37.033467+00:00", "event": "cycle_run", "status": "ok", "duration_ms": 1006, "detail": null}
{"ts": "2026-09-25T12:26:52.829769+00:00", "event": "cycle_run", "status": "ok", "duration_ms": 140, "detail": 1}
{"ts": "2026-09-25T12:26:56.470243+00:00", "event": "cycle_run", "status": "ok", "duration_ms": 0, "detail": null}
{"ts": "2026-09-25T12:26:57.476368+00:00", "event": "cycle_run", "status": "ok", "duration_ms": 1005, "detail": null}
{"ts": "2026-09-25T12:34:22.938183+00:00", "event": "cycle_run", "status": "ok", "duration_ms": 140, "detail": 1}
{"ts": "2026-09-25T12:34:26.516787+00:00", "event": "cycle_run", "status": "ok", "duration_ms": 0, "detail": null}
{"ts": "2026-09-25T12:34:27.528039+00:00", "event": "cycle_run", "status": "ok", "duration_ms": 1010, "detail": null}
{"ts": "2026-09-25T14:41:09.966664+00:00", "event": "cycle_run", "status": "ok", "duration_ms": 133, "detail": 1}
{"ts": "2026-09-25T14:41:13.500546+00:00", "event": "cycle_run", "status": "ok", "duration_ms": 0, "detail": null}
{"ts": "2026-09-25T14:41:14.507257+00:00", "event": "cycle_run", "status": "ok", "duration_ms": 1006, "detail": null}
{"ts": "2026-09-25T14:51:07.988042+00:00", "event": "cycle_run", "status": "ok", "duration_ms": 59, "detail": 1}
{"ts": "2026-09-25T14:51:11.047288+00:00", "event": "cycle_run", "status": "ok", "duration_ms": 0, "detail": null}
{"ts": "2026-09-25T14:51:12.053584+00:00", "event": "cycle_run", "status": "ok", "duration_ms": 1005, "detail": null}
{"ts": "2026-09-25T14:59:42.015430+00:00", "event": "cycle_run", "status": "ok", "duration_ms": 135, "detail": 1}
{"ts": "2026-09-25T14:59:45.619663+00:00", "event": "cycle_run", "status": "ok", "duration_ms": 0, "detail": null}
{"ts": "2026-09-25T14:59:46.625931+00:00", "event": "cycle_run", "status": "ok", "duration_ms": 1005, "detail": null}
{"ts": "2026-09-25T15:01:37.889378+00:00", "event": "cycle_run", "status": "ok", "duration_ms": 132, "detail": 1}
{"ts": "2026-09-25T15:01:41.603134+00:00", "event": "cycle_run", "status": "ok", "duration_ms": 0, "detail": null}
{"ts": "2026-09-25T15:01:42.614572+00:00", "event": "cycle_run", "status": "ok", "duration_ms": 1010, "detail": null}
{"ts": "2026-09-25T15:13:31.251127+00:00", "event": "cycle_run", "status": "ok", "duration_ms": 71, "detail": 1}
{"ts": "2026-09-25T15:13:35.706611+00:00", "event": "cycle_run", "status": "ok", "duration_ms": 0, "detail": null}
{"ts": "2026-09-25T15:13:36.717990+00:00", "event": "cycle_run", "status": "ok", "duration_ms": 1010, "detail": null}
{"ts": "2026-09-25T16:30:43.158819+00:00", "event": "cycle_run", "status": "ok", "duration_ms": 137, "detail": 1}
{"ts": "2026-09-25T16:30:57.497322+00:00", "event": "cycle_run", "status": "ok", "duration_ms": 98, "detail": 1}
{"ts": "2026-09-25T16:31:02.865473+00:00", "event": "cycle_run", "status": "ok", "duration_ms": 0, "detail": null}
{"ts": "2026-09-25T16:31:03.869110+00:00", "event": "cycle_run", "status": "ok", "duration_ms": 1002, "detail": null}
{"ts": "2026-09-25T16:36:40.618961+00:00", "event": "cycle_run", "status": "ok", "duration_ms": 157, "detail": 1}
{"ts": "2026-09-25T16:36:46.732143+00:00", "event": "cycle_run", "status": "ok", "duration_ms": 0, "detail": null}
{"ts": "2026-09-25T16:36:47.738418+00:00", "event": "cycle_run", "status": "ok", "duration_ms": 1005, "detail": null}
{"ts": "2026-09-25T16:59:15.472923+00:00", "event": "cycle_run", "status": "ok", "duration_ms": 152, "detail": 1}
{"ts": "2026-09-25T16:59:21.989581+00:00", "event": "cycle_run", "status": "ok", "duration_ms": 0, "detail": null}
{"ts": "2026-09-25T16:59:22.995984+00:00", "event": "cycle_run", "status": "ok", "duration_ms": 1005, "detail": null}
{"ts": "2026-09-25T17:04:02.001157+00:00", "event": "cycle_run", "status": "ok", "duration_ms": 168, "detail": 1}
{"ts": "2026-09-25T17:04:09.301882+00:00", "event": "cycle_run", "status": "ok", "duration_ms": 0, "detail": null}
{"ts": "2026-09-25T17:04:10.307203+00:00", "event": "cycle_run", "status": "ok", "duration_ms": 1004, "detail": null}
{"ts": "2026-09-25T17:07:40.586787+00:00", "event": "cycle_run", "status": "ok", "duration_ms": 162, "detail": 1}
{"ts": "2026-09-25T17:07:47.672901+00:00", "event": "cycle_run", "status": "ok", "duration_ms": 0, "detail": null}
{"ts": "2026-09-25T17:07:48.679095+00:00", "event": "cycle_run", "status": "ok", "duration_ms": 1005, "detail": null}
{"ts": "2026-09-25T17:10:26.009023+00:00", "event": "cycle_run", "status": "ok", "duration_ms": 178, "detail": 1}
{"ts": "2026-09-25T17:10:33.435553+00:00", "event": "cycle_run", "status": "ok", "duration_ms": 0, "detail": null}
{"ts": "2026-09-25T17:10:34.441795+00:00", "event": "cycle_run", "status": "ok", "duration_ms": 1005, "detail": null}
{"ts": "2026-09-25T17:16:01.902825+00:00", "event": "cycle_run", "status": "ok", "duration_ms": 178, "detail": 1}
{"ts": "2026-09-25T17:16:09.347873+00:00", "event": "cycle_run", "status": "ok", "duration_ms": 0, "detail": null}
{"ts": "2026-09-25T17:16:10.353864+00:00", "event": "cycle_run", "status": "ok", "duration_ms": 1005, "detail": null}
{"ts": "2026-09-25T17:16:41.718961+00:00", "event": "cycle_run", "status": "ok", "duration_ms": 190, "detail": 1}
{"ts": "2026-09-25T17:16:49.613267+00:00", "event": "cycle_run", "status": "ok", "duration_ms": 0, "detail": null}
{"ts": "2026-09-25T17:16:50.619294+00:00", "event": "cycle_run", "status": "ok", "duration_ms": 1005, "detail": null}
{"ts": "2026-09-25T17:19:57.423474+00:00", "event": "cycle_run", "status": "ok", "duration_ms": 179, "detail": 1}
{"ts": "2026-09-25T17:20:05.068943+00:00", "event": "cycle_run", "status": "ok", "duration_ms": 0, "detail": null}
{"ts": "2026-09-25T17:20:06.075119+00:00", "event": "cycle_run", "status": "ok", "duration_ms": 1005, "detail": null}
{"ts": "2026-09-25T17:21:06.144507+00:00", "event": "cycle_run", "status": "ok", "duration_ms": 177, "detail": 1}
{"ts": "2026-09-25T17:21:13.552024+00:00", "event": "cycle_run", "status": "ok", "duration_ms": 0, "detail": null}
{"ts": "2026-09-25T17:21:14.558386+00:00", "event": "cycle_run", "status": "ok", "duration_ms": 1005, "detail": null}
{"ts": "2026-09-25T18:22:56.284640+00:00", "event": "cycle_run", "status": "ok", "duration_ms": 178, "detail": 1}
{"ts": "2026-09-25T18:23:04.474348+00:00", "event": "cycle_run", "status": "ok", "duration_ms": 0, "detail": null}
{"ts": "2026-09-25T18:23:05.480790+00:00", "event": "cycle_run", "status": "ok", "duration_ms": 1005, "detail": null}
{"ts": "2026-09-27T06:44:31.860498+00:00", "event": "cycle_run", "status": "ok", "duration_ms": 181, "detail": 1}
{"ts": "2026-09-27T06:44:39.461074+00:00", "event": "cycle_run", "status": "ok", "duration_ms": 0, "detail": null}
{"ts": "2026-09-27T06:44:40.467162+00:00", "event": "cycle_run", "status": "ok", "duration_ms": 1005, "detail": null}
{"ts": "2026-09-27T06:46:10.607953+00:00", "event": "cycle_run", "status": "ok", "duration_ms": 178, "detail": 1}
{"ts": "2026-09-27T06:46:17.998014+00:00", "event": "cycle_run", "status": "ok", "duration_ms": 0, "detail": null}
{"ts": "2026-09-27T06:46:19.004262+00:00", "event": "cycle_run", "status": "ok", "duration_ms": 1005, "detail": null}
{"ts": "2026-09-27T06:48:03.028646+00:00", "event": "cycle_run", "status": "ok", "duration_ms": 180, "detail": 1}
{"ts": "2026-09-27T06:48:10.473204+00:00", "event": "cycle_run", "status": "ok", "duration_ms": 0, "detail": null}
{"ts": "2026-09-27T06:48:11.479375+00:00", "event": "cycle_run", "status": "ok", "duration_ms": 1005, "detail": null}
{"ts": "2026-09-27T06:50:25.587663+00:00", "event": "cycle_run", "status": "ok", "duration_ms": 176, "detail": 1}
{"ts": "2026-09-27T06:50:32.978344+00:00", "event": "cycle_run", "status": "ok", "duration_ms": 0, "detail": null}
{"ts": "2026-09-27T06:50:33.984569+00:00", "event": "cycle_run", "status": "ok", "duration_ms": 1005, "detail": null}
{"ts": "2026-09-27T06:52:04.785442+00:00", "event": "cycle_run", "status": "ok", "duration_ms": 177, "detail": 1}
{"ts": "2026-09-27T06:52:12.299835+00:00", "event": "cycle_run", "status": "ok", "duration_ms": 0, "detail": null}
{"ts": "2026-09-27T06:52:13.305916+00:00", "event": "cycle_run", "status": "ok", "duration_ms": 1005, "detail": null}
{"ts": "2026-09-27T13:37:46.013607+00:00", "event": "cycle_run", "status": "ok", "duration_ms": 213, "detail": 1}
{"ts": "2026-09-27T13:37:53.803512+00:00", "event": "cycle_run", "status": "ok", "duration_ms": 0, "detail": null}
{"ts": "2026-09-27T13:37:54.809723+00:00", "event": "cycle_run", "status": "ok", "duration_ms": 1005, "detail": null}
{"ts": "2026-09-27T13:45:01.280076+00:00", "event": "cycle_run", "status": "ok", "duration_ms": 220, "detail": 1}
{"ts": "2026-09-27T13:45:09.487874+00:00", "event": "cycle_run", "status": "ok", "duration_ms": 0, "detail": null}
{"ts": "2026-09-27T13:45:10.494268+00:00", "event": "cycle_run", "status": "ok", "duration_ms": 1005, "detail": null}
{"ts": "2026-09-27T13:48:05.165941+00:00", "event": "cycle_run", "status": "ok", "duration_ms": 213, "detail": 1}
{"ts": "2026-09-27T13:48:13.414439+00:00", "event": "cycle_run", "status": "ok", "duration_ms": 0, "detail": null}
{"ts": "2026-09-27T13:48:14.420551+00:00", "event": "cycle_run", "status": "ok", "duration_ms": 1005, "detail": null}
{"ts": "2026-09-27T13:50:56.124444+00:00", "event": "cycle_run", "status": "ok", "duration_ms": 214, "detail": 1}
{"ts": "2026-09-27T13:51:04.266265+00:00", "event": "cycle_run", "status": "ok", "duration_ms": 0, "detail": null}
{"ts": "2026-09-27T13:51:05.272441+00:00", "event": "cycle_run", "status": "ok", "duration_ms": 1005, "detail": null}
{"ts": "2026-09-27T15:43:02.237121+00:00", "event": "cycle_run", "status": "ok", "duration_ms": 195, "detail": 1}
{"ts": "2026-09-27T15:43:14.753819+00:00", "event": "cycle_run", "status": "ok", "duration_ms": 0, "detail": null}
{"ts": "2026-09-27T15:43:15.759041+00:00", "event": "cycle_run", "status": "ok", "duration_ms": 1004, "detail": null}
{"ts": "2026-09-27T15:56:01.694226+00:00", "event": "cycle_run", "status": "ok", "duration_ms": 197, "detail": 1}
{"ts": "2026-09-27T15:56:15.394281+00:00", "event": "cycle_run", "status": "ok", "duration_ms": 0, "detail": null}
{"ts": "2026-09-27T15:56:16.398853+00:00", "event": "cycle_run", "status": "ok", "duration_ms": 1005, "detail": null}
{"ts": "2026-09-27T16:01:18.996365+00:00", "event": "cycle_run", "status": "ok", "duration_ms": 265, "detail": 1}
{"ts": "2026-09-27T16:01:33.205104+00:00", "event": "cycle_run", "status": "ok", "duration_ms": 0, "detail": null}
{"ts": "2026-09-27T16:01:34.206539+00:00", "event": "cycle_run", "status": "ok", "duration_ms": 1000, "detail": null}
{"ts": "2026-09-27T16:30:12.308984+00:00", "event": "cycle_run", "status": "ok", "duration_ms": 203, "detail": 1}
{"ts": "2026-09-27T16:30:26.742521+00:00", "event": "cycle_run", "status": "ok", "duration_ms": 0, "detail": null}
{"ts": "2026-09-27T16:30:27.746838+00:00", "event": "cycle_run", "status": "ok", "duration_ms": 1003, "detail": null}
{"ts": "2026-09-27T16:31:43.504129+00:00", "event": "cycle_run", "status": "ok", "duration_ms": 201, "detail": 1}
{"ts": "2026-09-27T16:31:58.000974+00:00", "event": "cycle_run", "status": "ok", "duration_ms": 0, "detail": null}
{"ts": "2026-09-27T16:31:59.007283+00:00", "event": "cycle_run", "status": "ok", "duration_ms": 1005, "detail": null}
{"ts": "2026-09-27T16:41:41.472648+00:00", "event": "cycle_run", "status": "ok", "duration_ms": 196, "detail": 1}
{"ts": "2026-09-27T16:41:54.237411+00:00", "event": "cycle_run", "status": "ok", "duration_ms": 0, "detail": null}
{"ts": "2026-09-27T16:41:55.243410+00:00", "event": "cycle_run", "status": "ok", "duration_ms": 1005, "detail": null}
{"ts": "2026-09-27T17:07:14.030131+00:00", "event": "cycle_run", "status": "ok", "duration_ms": 196, "detail": 1}
{"ts": "2026-09-27T17:07:26.691931+00:00", "event": "cycle_run", "status": "ok", "duration_ms": 0, "detail": null}
{"ts": "2026-09-27T17:07:27.702863+00:00", "event": "cycle_run", "status": "ok", "duration_ms": 1010, "detail": null}
{"ts": "2026-09-27T17:08:28.412612+00:00", "event": "cycle_run", "status": "ok", "duration_ms": 194, "detail": 1}
{"ts": "2026-09-27T17:08:40.826435+00:00", "event": "cycle_run", "status": "ok", "duration_ms": 0, "detail": null}
{"ts": "2026-09-27T17:08:41.837576+00:00", "event": "cycle_run", "status": "ok", "duration_ms": 1010, "detail": null}
{"ts": "2026-09-27T17:19:43.928730+00:00", "event": "cycle_run", "status": "ok", "duration_ms": 195, "detail": 1}
{"ts": "2026-09-27T17:19:56.089234+00:00", "event": "cycle_run", "status": "ok", "duration_ms": 0, "detail": null}
{"ts": "2026-09-27T17:19:57.095359+00:00", "event": "cycle_run", "status": "ok", "duration_ms": 1005, "detail": null}
{"ts": "2026-09-27T17:21:20.446743+00:00", "event": "cycle_run", "status": "ok", "duration_ms": 196, "detail": 1}
{"ts": "2026-09-27T17:21:32.986898+00:00", "event": "cycle_run", "status": "ok", "duration_ms": 0, "detail": null}
{"ts": "2026-09-27T17:21:33.993054+00:00", "event": "cycle_run", "status": "ok", "duration_ms": 1005, "detail": null}
{"ts": "2026-09-27T17:31:24.276328+00:00", "event": "cycle_run", "status": "ok", "duration_ms": 199, "detail": 1}
{"ts": "2026-09-27T17:31:37.182328+00:00", "event": "cycle_run", "status": "ok", "duration_ms": 0, "detail": null}
{"ts": "2026-09-27T17:31:38.193280+00:00", "event": "cycle_run", "status": "ok", "duration_ms": 1010, "detail": null}
{"ts": "2026-09-27T17:32:45.812025+00:00", "event": "cycle_run", "status": "ok", "duration_ms": 199, "detail": 1}
{"ts": "2026-09-27T17:32:58.574335+00:00", "event": "cycle_run", "status": "ok", "duration_ms": 0, "detail": null}
{"ts": "2026-09-27T17:32:59.585410+00:00", "event": "cycle_run", "status": "ok", "duration_ms": 1010, "detail": null}
{"ts": "2026-09-27T17:42:36.815282+00:00", "event": "cycle_run", "status": "ok", "duration_ms": 196, "detail": 1}
{"ts": "2026-09-27T17:42:49.495075+00:00", "event": "cycle_run", "status": "ok", "duration_ms": 0, "detail": null}
{"ts": "2026-09-27T17:42:50.501334+00:00", "event": "cycle_run", "status": "ok", "duration_ms": 1005, "detail": null}
{"ts": "2026-09-28T10:55:29.797313+00:00", "event": "cycle_run", "status": "ok", "duration_ms": 196, "detail": 1}
{"ts": "2026-09-28T10:55:44.546728+00:00", "event": "cycle_run", "status": "ok", "duration_ms": 0, "detail": null}
{"ts": "2026-09-28T10:55:45.557987+00:00", "event": "cycle_run", "status": "ok", "duration_ms": 1010, "detail": null}
{"ts": "2026-09-28T10:58:09.524481+00:00", "event": "cycle_run", "status": "ok", "duration_ms": 196, "detail": 1}
{"ts": "2026-09-28T10:58:23.831674+00:00", "event": "cycle_run", "status": "ok", "duration_ms": 0, "detail": null}
{"ts": "2026-09-28T10:58:24.842854+00:00", "event": "cycle_run", "status": "ok", "duration_ms": 1010, "detail": null}
{"ts": "2026-09-28T11:01:12.918779+00:00", "event": "cycle_run", "status": "ok", "duration_ms": 197, "detail": 1}
{"ts": "2026-09-28T11:01:27.106356+00:00", "event": "cycle_run", "status": "ok", "duration_ms": 0, "detail": null}
{"ts": "2026-09-28T11:01:28.109628+00:00", "event": "cycle_run", "status": "ok", "duration_ms": 1002, "detail": null}
{"ts": "2026-09-28T12:17:14.641132+00:00", "event": "cycle_run", "status": "ok", "duration_ms": 209, "detail": 1}
{"ts": "2026-09-28T12:17:29.462575+00:00", "event": "cycle_run", "status": "ok", "duration_ms": 0, "detail": null}
{"ts": "2026-09-28T12:17:30.467224+00:00", "event": "cycle_run", "status": "ok", "duration_ms": 1003, "detail": null}
{"ts": "2026-09-28T12:19:31.470879+00:00", "event": "cycle_run", "status": "ok", "duration_ms": 209, "detail": 1}
{"ts": "2026-09-28T12:19:46.083214+00:00", "event": "cycle_run", "status": "ok", "duration_ms": 0, "detail": null}
{"ts": "2026-09-28T12:19:47.089425+00:00", "event": "cycle_run", "status": "ok", "duration_ms": 1005, "detail": null}
{"ts": "2026-09-28T12:36:09.548911+00:00", "event": "cycle_run", "status": "ok", "duration_ms": 216, "detail": 1}
{"ts": "2026-09-28T12:36:24.134674+00:00", "event": "cycle_run", "status": "ok", "duration_ms": 0, "detail": null}
{"ts": "2026-09-28T12:36:25.145790+00:00", "event": "cycle_run", "status": "ok", "duration_ms": 1010, "detail": null}
{"ts": "2026-09-28T12:37:00.794693+00:00", "event": "cycle_run", "status": "ok", "duration_ms": 220, "detail": 1}
{"ts": "2026-09-28T12:37:15.149769+00:00", "event": "cycle_run", "status": "ok", "duration_ms": 0, "detail": null}
{"ts": "2026-09-28T12:37:16.160727+00:00", "event": "cycle_run", "status": "ok", "duration_ms": 1010, "detail": null}
{"ts": "2026-09-28T15:08:16.229177+00:00", "event": "cycle_run", "status": "ok", "duration_ms": 586, "detail": 1}
{"ts": "2026-09-28T15:08:36.396042+00:00", "event": "cycle_run", "status": "ok", "duration_ms": 0, "detail": null}
{"ts": "2026-09-28T15:08:37.402228+00:00", "event": "cycle_run", "status": "ok", "duration_ms": 1005, "detail": null}
{"ts": "2026-09-28T15:10:17.856798+00:00", "event": "cycle_run", "status": "ok", "duration_ms": 577, "detail": 1}
{"ts": "2026-09-28T15:10:37.899982+00:00", "event": "cycle_run", "status": "ok", "duration_ms": 0, "detail": null}
{"ts": "2026-09-28T15:10:38.906440+00:00", "event": "cycle_run", "status": "ok", "duration_ms": 1005, "detail": null}
{"ts": "2026-09-28T15:24:52.252977+00:00", "event": "cycle_run", "status": "ok", "duration_ms": 590, "detail": 1}
{"ts": "2026-09-28T15:25:14.070887+00:00", "event": "cycle_run", "status": "ok", "duration_ms": 0, "detail": null}
{"ts": "2026-09-28T15:25:15.077392+00:00", "event": "cycle_run", "status": "ok", "duration_ms": 1005, "detail": null}
{"ts": "2026-09-28T15:43:36.761564+00:00", "event": "cycle_run", "status": "ok", "duration_ms": 692, "detail": 1}
{"ts": "2026-09-28T15:43:59.823314+00:00", "event": "cycle_run", "status": "ok", "duration_ms": 0, "detail": null}
{"ts": "2026-09-28T15:44:00.829644+00:00", "event": "cycle_run", "status": "ok", "duration_ms": 1005, "detail": null}
{"ts": "2026-09-28T15:45:39.545564+00:00", "event": "cycle_run", "status": "ok", "duration_ms": 690, "detail": 1}
{"ts": "2026-09-28T15:46:03.948343+00:00", "event": "cycle_run", "status": "ok", "duration_ms": 0, "detail": null}
{"ts": "2026-09-28T15:46:04.954413+00:00", "event": "cycle_run", "status": "ok", "duration_ms": 1005, "detail": null}
{"ts": "2026-09-28T15:47:45.407596+00:00", "event": "cycle_run", "status": "ok", "duration_ms": 688, "detail": 1}
{"ts": "2026-09-28T15:48:09.001777+00:00", "event": "cycle_run", "status": "ok", "duration_ms": 0, "detail": null}
{"ts": "2026-09-28T15:48:10.005598+00:00", "event": "cycle_run", "status": "ok", "duration_ms": 1002, "detail": null}
{"ts": "2026-09-28T15:51:04.830410+00:00", "event": "cycle_run", "status": "ok", "duration_ms": 696, "detail": 1}
{"ts": "2026-09-28T15:51:29.780197+00:00", "event": "cycle_run", "status": "ok", "duration_ms": 0, "detail": null}
{"ts": "2026-09-28T15:51:30.791389+00:00", "event": "cycle_run", "status": "ok", "duration_ms": 1010, "detail": null}
{"ts": "2026-09-28T16:18:56.724205+00:00", "event": "cycle_run", "status": "ok", "duration_ms": 685, "detail": 1}
{"ts": "2026-09-28T16:19:21.564861+00:00", "event": "cycle_run", "status": "ok", "duration_ms": 0, "detail": null}
{"ts": "2026-09-28T16:19:22.571056+00:00", "event": "cycle_run", "status": "ok", "duration_ms": 1005, "detail": null}
{"ts": "2026-09-28T16:21:52.284977+00:00", "event": "cycle_run", "status": "ok", "duration_ms": 723, "detail": 1}
{"ts": "2026-09-28T16:22:15.586466+00:00", "event": "cycle_run", "status": "ok", "duration_ms": 0, "detail": null}
{"ts": "2026-09-28T16:22:16.592976+00:00", "event": "cycle_run", "status": "ok", "duration_ms": 1005, "detail": null}
