
> forgeos-frontend@1.9.0 dev
> next dev

   ▲ Next.js 15.5.24
   - Local:        http://localhost:3000
   - Network:      http://169.254.0.21:3000
   - Environments: .env.local

 ✓ Starting...
 ⚠ Attempted to load @next/swc-linux-x64-gnu, but it was not installed
 ⚠ Attempted to load @next/swc-linux-x64-musl, but an error occurred: libc.musl-x86_64.so.1: cannot open shared object file: No such file or directory
 ✓ Ready in 1367ms
 ○ Compiling / ...
 ✓ Compiled / in 3.6s (615 modules)
 GET / 200 in 3955ms
 ○ Compiling /opportunities ...
 ✓ Compiled /opportunities in 773ms (626 modules)
 GET /opportunities 200 in 943ms
 ✓ Compiled /execution in 184ms (619 modules)
 GET /execution 200 in 285ms
 ✓ Compiled /revenue in 163ms (626 modules)
 GET /revenue 200 in 277ms
 ✓ Compiled /knowledge in 183ms (633 modules)
 GET /knowledge 200 in 278ms
 ✓ Compiled /flow in 208ms (640 modules)
 GET /flow 200 in 321ms
 ✓ Compiled /earn in 185ms (647 modules)
 GET /earn 200 in 289ms
 ✓ Compiled /products in 235ms (654 modules)
 GET /products 200 in 353ms
 ✓ Compiled /world in 230ms (661 modules)
 GET /world 200 in 336ms
 ✓ Compiled /analyze in 232ms (668 modules)
 GET /analyze 200 in 336ms
 ✓ Compiled /_not-found in 178ms (673 modules)
 GET /system-flow 404 in 283ms
 GET / 200 in 54ms
 GET /opportunities 200 in 44ms
 GET /execution 200 in 43ms
 GET /revenue 200 in 39ms
 GET /knowledge 200 in 39ms
 GET /flow 200 in 45ms
 GET /earn 200 in 50ms
 GET /products 200 in 38ms
 GET /world 200 in 43ms
 GET /analyze 200 in 44ms
 GET /system-flow 404 in 47ms
 ⨯ Error: Could not find the module "/home/ubuntu/work/frontend/node_modules/next/dist/next-devtools/userspace/app/segment-explorer-node.js#SegmentViewNode" in the React Client Manifest. This is probably a bug in the React Server Components bundler.
    at stringify (<anonymous>) {
  digest: '835374764'
}
 ⨯ Error: Could not find the module "/home/ubuntu/work/frontend/node_modules/next/dist/next-devtools/userspace/app/segment-explorer-node.js#SegmentViewNode" in the React Client Manifest. This is probably a bug in the React Server Components bundler.
    at stringify (<anonymous>)
    at stringify (<anonymous>) {
  digest: '1156329123'
}
 ⨯ Error: Could not find the module "/home/ubuntu/work/frontend/node_modules/next/dist/next-devtools/userspace/app/segment-explorer-node.js#SegmentViewNode" in the React Client Manifest. This is probably a bug in the React Server Components bundler.
    at stringify (<anonymous>)
    at stringify (<anonymous>) {
  digest: '1156329123'
}
 ⨯ Error: Could not find the module "/home/ubuntu/work/frontend/node_modules/next/dist/next-devtools/userspace/app/segment-explorer-node.js#SegmentViewNode" in the React Client Manifest. This is probably a bug in the React Server Components bundler.
    at stringify (<anonymous>)
    at stringify (<anonymous>) {
  digest: '1156329123'
}
 ⨯ Error: Could not find the module "/home/ubuntu/work/frontend/node_modules/next/dist/next-devtools/userspace/app/segment-explorer-node.js#SegmentViewNode" in the React Client Manifest. This is probably a bug in the React Server Components bundler.
    at stringify (<anonymous>) {
  digest: '835374764'
}
 ⨯ Error: Could not find the module "/home/ubuntu/work/frontend/node_modules/next/dist/next-devtools/userspace/app/segment-explorer-node.js#SegmentViewNode" in the React Client Manifest. This is probably a bug in the React Server Components bundler.
    at stringify (<anonymous>) {
  digest: '835374764'
}
 ⨯ [TypeError: __webpack_modules__[moduleId] is not a function] {
  digest: '2346053611'
}
 ⨯ Error: Could not find the module "/home/ubuntu/work/frontend/node_modules/next/dist/next-devtools/userspace/app/segment-explorer-node.js#SegmentViewNode" in the React Client Manifest. This is probably a bug in the React Server Components bundler.
    at stringify (<anonymous>) {
  digest: '835374764'
}
[TypeError: __webpack_modules__[moduleId] is not a function]
 ⨯ [TypeError: __webpack_modules__[moduleId] is not a function]
 ⨯ [TypeError: __webpack_modules__[moduleId] is not a function] {
  page: '/'
}
 ○ Compiling /_error ...
 ✓ Compiled /_error in 1739ms (973 modules)
 GET / 500 in 4116ms
 ⚠ Cross origin request detected from 127.0.0.1 to /_next/* resource. In a future major version of Next.js, you will need to explicitly configure "allowedDevOrigins" in next.config to allow this.
Read more: https://nextjs.org/docs/app/api-reference/config/next-config-js/allowedDevOrigins
[?25h
