
> dev
> node scripts/with-app-env.mjs vite dev --host 0.0.0.0 --port 8080


  VITE v8.2.2  ready in 281 ms

  ➜  Local:   http://localhost:8080/
  ➜  Network: http://192.168.254.134:8080/  en0
11:11:50 PM [vite] (ssr) connected.
An empty string ("") was passed to the href attribute. To fix this, either do not render the element at all or pass null to href instead of an empty string.
An empty string ("") was passed to the href attribute. To fix this, either do not render the element at all or pass null to href instead of an empty string.
11:12:42 PM [vite] (client) hmr update /src/styles.css?direct
An empty string ("") was passed to the href attribute. To fix this, either do not render the element at all or pass null to href instead of an empty string.
An empty string ("") was passed to the href attribute. To fix this, either do not render the element at all or pass null to href instead of an empty string.
An empty string ("") was passed to the href attribute. To fix this, either do not render the element at all or pass null to href instead of an empty string.
11:14:01 PM [vite] (client) hmr update /src/styles.css?direct
An empty string ("") was passed to the href attribute. To fix this, either do not render the element at all or pass null to href instead of an empty string.
An empty string ("") was passed to the href attribute. To fix this, either do not render the element at all or pass null to href instead of an empty string.
An empty string ("") was passed to the href attribute. To fix this, either do not render the element at all or pass null to href instead of an empty string.
An empty string ("") was passed to the href attribute. To fix this, either do not render the element at all or pass null to href instead of an empty string.
An empty string ("") was passed to the href attribute. To fix this, either do not render the element at all or pass null to href instead of an empty string.
An empty string ("") was passed to the href attribute. To fix this, either do not render the element at all or pass null to href instead of an empty string.
11:14:34 PM [vite] (client) hmr update /src/styles.css?direct
11:15:11 PM [vite] (client) hmr update /src/styles.css?direct
11:15:11 PM [vite] (client) hmr update /src/styles.css?direct
An empty string ("") was passed to the href attribute. To fix this, either do not render the element at all or pass null to href instead of an empty string.
An empty string ("") was passed to the href attribute. To fix this, either do not render the element at all or pass null to href instead of an empty string.
11:16:22 PM [vite] (client) hmr update /src/styles.css?direct
An empty string ("") was passed to the href attribute. To fix this, either do not render the element at all or pass null to href instead of an empty string.
11:16:46 PM [vite] (client) hmr update /src/styles.css?direct
11:16:53 PM [vite] (client) page reload frontend/.next/export/500.html
11:16:53 PM [vite] (client) page reload frontend/.next/export/404.html
11:16:53 PM [vite] (client) page reload frontend/.next/server/app/network.html
11:16:53 PM [vite] (client) page reload frontend/.next/server/app/flow.html
11:16:53 PM [vite] (client) page reload frontend/.next/server/app/products.html
11:16:53 PM [vite] (client) page reload frontend/.next/export/500.html
11:16:53 PM [vite] (client) page reload frontend/.next/export/404.html
11:16:53 PM [vite] (client) page reload frontend/.next/server/app/flow.html
11:16:53 PM [vite] (client) page reload frontend/.next/server/app/network.html
11:16:53 PM [vite] (client) page reload frontend/.next/server/app/products.html
11:16:53 PM [vite] (client) page reload frontend/.next/server/app/outcomes.html
11:16:53 PM [vite] (client) page reload frontend/.next/server/app/earn.html
11:16:53 PM [vite] (client) page reload frontend/.next/server/app/repair-shop.html
11:16:53 PM [vite] (client) page reload frontend/.next/server/app/revenue.html
11:16:53 PM [vite] (client) page reload frontend/.next/server/app/research.html
11:16:53 PM [vite] (client) page reload frontend/.next/server/app/knowledge.html
11:16:53 PM [vite] (client) page reload frontend/.next/server/app/execution.html
11:16:53 PM [vite] (client) page reload frontend/.next/server/app/world.html
11:16:53 PM [vite] (client) page reload frontend/.next/server/app/runtime.html
11:16:53 PM [vite] (client) page reload frontend/.next/server/app/index.html
11:16:53 PM [vite] (client) page reload frontend/.next/server/app/analyze.html
11:16:53 PM [vite] (client) page reload frontend/.next/server/app/_not-found.html
11:16:53 PM [vite] (client) page reload frontend/.next/server/app/actions.html
11:16:53 PM [vite] (client) page reload frontend/.next/server/app/opportunities.html
11:16:53 PM [vite] (client) page reload frontend/.next/server/pages/404.html
11:16:53 PM [vite] (client) page reload frontend/.next/export/500.html
11:16:53 PM [vite] (client) page reload frontend/.next/server/pages/500.html
11:16:53 PM [vite] (client) page reload frontend/.next/export/404.html
An empty string ("") was passed to the href attribute. To fix this, either do not render the element at all or pass null to href instead of an empty string.
11:20:20 PM [vite] (client) hmr update /src/styles.css?direct
11:20:26 PM [vite] (client) page reload frontend/.next/server/app/_not-found.html
11:20:26 PM [vite] (client) page reload frontend/.next/server/app/actions.html
11:20:26 PM [vite] (client) page reload frontend/.next/server/app/analyze.html
11:20:26 PM [vite] (client) page reload frontend/.next/server/app/execution.html
11:20:26 PM [vite] (client) page reload frontend/.next/server/app/flow.html
11:20:26 PM [vite] (client) page reload frontend/.next/server/app/earn.html
11:20:26 PM [vite] (client) page reload frontend/.next/server/app/index.html
11:20:26 PM [vite] (client) page reload frontend/.next/server/app/knowledge.html
11:20:26 PM [vite] (client) page reload frontend/.next/server/app/network.html
11:20:26 PM [vite] (client) page reload frontend/.next/server/app/opportunities.html
11:20:26 PM [vite] (client) page reload frontend/.next/server/app/outcomes.html
11:20:26 PM [vite] (client) page reload frontend/.next/server/app/products.html
11:20:26 PM [vite] (client) page reload frontend/.next/server/app/repair-shop.html
11:20:26 PM [vite] (client) page reload frontend/.next/server/app/research.html
11:20:26 PM [vite] (client) page reload frontend/.next/server/app/revenue.html
11:20:26 PM [vite] (client) page reload frontend/.next/server/app/runtime.html
11:20:26 PM [vite] (client) page reload frontend/.next/server/app/world.html
11:20:26 PM [vite] (client) page reload frontend/.next/server/pages/404.html
11:20:26 PM [vite] (client) page reload frontend/.next/server/pages/500.html
11:20:30 PM [vite] (client) page reload frontend/.next/export/500.html
11:20:30 PM [vite] (client) page reload frontend/.next/export/404.html
11:20:30 PM [vite] (client) page reload frontend/.next/server/app/flow.html
11:20:30 PM [vite] (client) page reload frontend/.next/server/app/outcomes.html
11:20:30 PM [vite] (client) page reload frontend/.next/export/500.html
11:20:30 PM [vite] (client) page reload frontend/.next/export/404.html
11:20:30 PM [vite] (client) page reload frontend/.next/server/app/flow.html
11:20:30 PM [vite] (client) page reload frontend/.next/server/app/outcomes.html
11:20:30 PM [vite] (client) page reload frontend/.next/server/app/products.html
11:20:30 PM [vite] (client) page reload frontend/.next/server/app/analyze.html
11:20:30 PM [vite] (client) page reload frontend/.next/server/app/research.html
11:20:30 PM [vite] (client) page reload frontend/.next/server/app/repair-shop.html
11:20:30 PM [vite] (client) page reload frontend/.next/server/app/world.html
11:20:30 PM [vite] (client) page reload frontend/.next/server/app/knowledge.html
11:20:30 PM [vite] (client) page reload frontend/.next/server/app/actions.html
11:20:30 PM [vite] (client) page reload frontend/.next/server/app/earn.html
11:20:30 PM [vite] (client) page reload frontend/.next/server/app/revenue.html
11:20:30 PM [vite] (client) page reload frontend/.next/server/app/runtime.html
11:20:30 PM [vite] (client) page reload frontend/.next/server/app/execution.html
11:20:30 PM [vite] (client) page reload frontend/.next/server/app/index.html
11:20:30 PM [vite] (client) page reload frontend/.next/server/app/opportunities.html
11:20:30 PM [vite] (client) page reload frontend/.next/server/app/_not-found.html
11:20:30 PM [vite] (client) page reload frontend/.next/server/app/network.html
11:20:30 PM [vite] (client) page reload frontend/.next/server/pages/404.html
11:20:30 PM [vite] (client) page reload frontend/.next/export/500.html
11:20:30 PM [vite] (client) page reload frontend/.next/server/pages/500.html
11:20:30 PM [vite] (client) page reload frontend/.next/export/404.html
An empty string ("") was passed to the href attribute. To fix this, either do not render the element at all or pass null to href instead of an empty string.
11:23:20 PM [vite] (client) hmr update /src/styles.css?direct
11:23:20 PM [vite] (client) hmr update /src/styles.css?direct
An empty string ("") was passed to the href attribute. To fix this, either do not render the element at all or pass null to href instead of an empty string.
An empty string ("") was passed to the href attribute. To fix this, either do not render the element at all or pass null to href instead of an empty string.
An empty string ("") was passed to the href attribute. To fix this, either do not render the element at all or pass null to href instead of an empty string.
An empty string ("") was passed to the href attribute. To fix this, either do not render the element at all or pass null to href instead of an empty string.
11:25:51 PM [vite] (client) hmr update /src/styles.css?direct
11:25:51 PM [vite] (client) hmr update /src/styles.css?direct
11:25:52 PM [vite] (client) hmr update /src/styles.css?direct
An empty string ("") was passed to the href attribute. To fix this, either do not render the element at all or pass null to href instead of an empty string.
An empty string ("") was passed to the href attribute. To fix this, either do not render the element at all or pass null to href instead of an empty string.
An empty string ("") was passed to the href attribute. To fix this, either do not render the element at all or pass null to href instead of an empty string.
An empty string ("") was passed to the href attribute. To fix this, either do not render the element at all or pass null to href instead of an empty string.
11:26:06 PM [vite] (client) hmr update /src/styles.css?direct
11:26:16 PM [vite] (client) hmr update /src/styles.css?direct
An empty string ("") was passed to the href attribute. To fix this, either do not render the element at all or pass null to href instead of an empty string.
An empty string ("") was passed to the href attribute. To fix this, either do not render the element at all or pass null to href instead of an empty string.
An empty string ("") was passed to the href attribute. To fix this, either do not render the element at all or pass null to href instead of an empty string.
11:26:23 PM [vite] (client) hmr update /src/styles.css?direct
11:26:23 PM [vite] (client) hmr update /src/styles.css?direct
11:26:41 PM [vite] (client) page reload frontend/.next/server/app/_not-found.html
11:26:41 PM [vite] (client) page reload frontend/.next/server/app/actions.html
11:26:41 PM [vite] (client) page reload frontend/.next/server/app/analyze.html
11:26:41 PM [vite] (client) page reload frontend/.next/server/app/earn.html
11:26:41 PM [vite] (client) page reload frontend/.next/server/app/execution.html
11:26:41 PM [vite] (client) page reload frontend/.next/server/app/flow.html
11:26:41 PM [vite] (client) page reload frontend/.next/server/app/index.html
11:26:41 PM [vite] (client) page reload frontend/.next/server/app/knowledge.html
11:26:41 PM [vite] (client) page reload frontend/.next/server/app/network.html
11:26:41 PM [vite] (client) page reload frontend/.next/server/app/opportunities.html
11:26:41 PM [vite] (client) page reload frontend/.next/server/app/outcomes.html
11:26:41 PM [vite] (client) page reload frontend/.next/server/app/products.html
11:26:41 PM [vite] (client) page reload frontend/.next/server/app/repair-shop.html
11:26:41 PM [vite] (client) page reload frontend/.next/server/app/research.html
11:26:41 PM [vite] (client) page reload frontend/.next/server/app/revenue.html
11:26:41 PM [vite] (client) page reload frontend/.next/server/app/runtime.html
11:26:41 PM [vite] (client) page reload frontend/.next/server/app/world.html
11:26:41 PM [vite] (client) page reload frontend/.next/server/pages/404.html
11:26:41 PM [vite] (client) page reload frontend/.next/server/pages/500.html
11:26:45 PM [vite] (client) page reload frontend/.next/export/404.html
11:26:45 PM [vite] (client) page reload frontend/.next/export/500.html
11:26:45 PM [vite] (client) page reload frontend/.next/server/app/outcomes.html
11:26:45 PM [vite] (client) page reload frontend/.next/server/app/knowledge.html
11:26:45 PM [vite] (client) page reload frontend/.next/server/app/outcomes.html
11:26:45 PM [vite] (client) page reload frontend/.next/server/app/knowledge.html
11:26:45 PM [vite] (client) page reload frontend/.next/server/app/actions.html
11:26:45 PM [vite] (client) page reload frontend/.next/server/app/_not-found.html
11:26:45 PM [vite] (client) page reload frontend/.next/server/app/earn.html
11:26:45 PM [vite] (client) page reload frontend/.next/server/app/execution.html
11:26:45 PM [vite] (client) page reload frontend/.next/server/app/research.html
11:26:45 PM [vite] (client) page reload frontend/.next/server/app/runtime.html
11:26:45 PM [vite] (client) page reload frontend/.next/server/app/opportunities.html
11:26:45 PM [vite] (client) page reload frontend/.next/server/app/world.html
11:26:45 PM [vite] (client) page reload frontend/.next/server/app/products.html
11:26:45 PM [vite] (client) page reload frontend/.next/server/app/revenue.html
11:26:45 PM [vite] (client) page reload frontend/.next/server/app/index.html
11:26:45 PM [vite] (client) page reload frontend/.next/server/app/network.html
11:26:45 PM [vite] (client) page reload frontend/.next/server/app/analyze.html
11:26:45 PM [vite] (client) page reload frontend/.next/server/app/repair-shop.html
11:26:45 PM [vite] (client) page reload frontend/.next/server/app/flow.html
11:26:45 PM [vite] (client) page reload frontend/.next/server/pages/404.html
11:26:45 PM [vite] (client) page reload frontend/.next/export/500.html
11:26:45 PM [vite] (client) page reload frontend/.next/server/pages/500.html
11:26:45 PM [vite] (client) page reload frontend/.next/export/404.html
11:29:27 PM [vite] (client) hmr update /src/styles.css?direct
11:29:27 PM [vite] (client) hmr update /src/styles.css?direct
11:34:06 PM [vite] (client) hmr update /src/styles.css?direct
11:34:06 PM [vite] (client) hmr update /src/styles.css?direct
An empty string ("") was passed to the href attribute. To fix this, either do not render the element at all or pass null to href instead of an empty string.
An empty string ("") was passed to the href attribute. To fix this, either do not render the element at all or pass null to href instead of an empty string.
An empty string ("") was passed to the href attribute. To fix this, either do not render the element at all or pass null to href instead of an empty string.
An empty string ("") was passed to the href attribute. To fix this, either do not render the element at all or pass null to href instead of an empty string.
An empty string ("") was passed to the href attribute. To fix this, either do not render the element at all or pass null to href instead of an empty string.
An empty string ("") was passed to the href attribute. To fix this, either do not render the element at all or pass null to href instead of an empty string.
An empty string ("") was passed to the href attribute. To fix this, either do not render the element at all or pass null to href instead of an empty string.
An empty string ("") was passed to the href attribute. To fix this, either do not render the element at all or pass null to href instead of an empty string.
An empty string ("") was passed to the href attribute. To fix this, either do not render the element at all or pass null to href instead of an empty string.
12:15:19 AM [vite] http proxy error: /public/services
Error: connect ECONNREFUSED 127.0.0.1:8000
    at TCPConnectWrap.afterConnect [as oncomplete] (node:net:2021:16)
12:15:19 AM [vite] http proxy error: /public/services
Error: connect ECONNREFUSED 127.0.0.1:8000
    at TCPConnectWrap.afterConnect [as oncomplete] (node:net:2021:16)
An empty string ("") was passed to the href attribute. To fix this, either do not render the element at all or pass null to href instead of an empty string.
An empty string ("") was passed to the href attribute. To fix this, either do not render the element at all or pass null to href instead of an empty string.
An empty string ("") was passed to the href attribute. To fix this, either do not render the element at all or pass null to href instead of an empty string.
An empty string ("") was passed to the href attribute. To fix this, either do not render the element at all or pass null to href instead of an empty string.
An empty string ("") was passed to the href attribute. To fix this, either do not render the element at all or pass null to href instead of an empty string.
12:18:28 AM [vite] http proxy error: /public/services
Error: connect ECONNREFUSED 127.0.0.1:8000
    at TCPConnectWrap.afterConnect [as oncomplete] (node:net:2021:16)
12:18:28 AM [vite] http proxy error: /public/services
Error: connect ECONNREFUSED 127.0.0.1:8000
    at TCPConnectWrap.afterConnect [as oncomplete] (node:net:2021:16)
12:18:28 AM [vite] http proxy error: /public/services
Error: connect ECONNREFUSED 127.0.0.1:8000
    at TCPConnectWrap.afterConnect [as oncomplete] (node:net:2021:16)
12:18:28 AM [vite] http proxy error: /public/services
Error: connect ECONNREFUSED 127.0.0.1:8000
    at TCPConnectWrap.afterConnect [as oncomplete] (node:net:2021:16)
12:18:35 AM [vite] (client) page reload frontend/.next/server/app/_not-found.html
12:18:35 AM [vite] (client) page reload frontend/.next/server/app/actions.html
12:18:35 AM [vite] (client) page reload frontend/.next/server/app/analyze.html
12:18:35 AM [vite] (client) page reload frontend/.next/server/app/earn.html
12:18:35 AM [vite] (client) page reload frontend/.next/server/app/execution.html
12:18:35 AM [vite] (client) page reload frontend/.next/server/app/flow.html
12:18:35 AM [vite] (client) page reload frontend/.next/server/app/index.html
12:18:35 AM [vite] (client) page reload frontend/.next/server/app/knowledge.html
12:18:35 AM [vite] (client) page reload frontend/.next/server/app/network.html
12:18:35 AM [vite] (client) page reload frontend/.next/server/app/opportunities.html
12:18:35 AM [vite] (client) page reload frontend/.next/server/app/outcomes.html
12:18:35 AM [vite] (client) page reload frontend/.next/server/app/products.html
12:18:35 AM [vite] (client) page reload frontend/.next/server/app/repair-shop.html
12:18:35 AM [vite] (client) page reload frontend/.next/server/app/revenue.html
12:18:35 AM [vite] (client) page reload frontend/.next/server/app/research.html
12:18:35 AM [vite] (client) page reload frontend/.next/server/app/runtime.html
12:18:35 AM [vite] (client) page reload frontend/.next/server/app/world.html
12:18:35 AM [vite] (client) page reload frontend/.next/server/pages/404.html
12:18:35 AM [vite] (client) page reload frontend/.next/server/pages/500.html
12:18:39 AM [vite] (client) page reload frontend/.next/export/500.html
12:18:39 AM [vite] (client) page reload frontend/.next/export/404.html
12:18:39 AM [vite] (client) page reload frontend/.next/server/app/_not-found.html
12:18:39 AM [vite] (client) page reload frontend/.next/server/app/repair-shop.html
12:18:39 AM [vite] (client) page reload frontend/.next/server/app/research.html
12:18:39 AM [vite] (client) page reload frontend/.next/export/500.html
12:18:39 AM [vite] (client) page reload frontend/.next/export/404.html
12:18:39 AM [vite] (client) page reload frontend/.next/server/app/_not-found.html
12:18:39 AM [vite] (client) page reload frontend/.next/server/app/repair-shop.html
12:18:39 AM [vite] (client) page reload frontend/.next/server/app/research.html
12:18:39 AM [vite] (client) page reload frontend/.next/server/app/opportunities.html
12:18:39 AM [vite] (client) page reload frontend/.next/server/app/analyze.html
12:18:39 AM [vite] (client) page reload frontend/.next/server/app/products.html
12:18:39 AM [vite] (client) page reload frontend/.next/server/app/index.html
12:18:39 AM [vite] (client) page reload frontend/.next/server/app/world.html
12:18:39 AM [vite] (client) page reload frontend/.next/server/app/earn.html
12:18:39 AM [vite] (client) page reload frontend/.next/server/app/runtime.html
12:18:39 AM [vite] (client) page reload frontend/.next/server/app/network.html
12:18:39 AM [vite] (client) page reload frontend/.next/server/app/knowledge.html
12:18:39 AM [vite] (client) page reload frontend/.next/server/app/flow.html
12:18:39 AM [vite] (client) page reload frontend/.next/server/app/revenue.html
12:18:39 AM [vite] (client) page reload frontend/.next/server/app/actions.html
12:18:39 AM [vite] (client) page reload frontend/.next/server/app/outcomes.html
12:18:39 AM [vite] (client) page reload frontend/.next/server/app/execution.html
12:18:39 AM [vite] (client) page reload frontend/.next/server/pages/404.html
12:18:39 AM [vite] (client) page reload frontend/.next/export/500.html
12:18:39 AM [vite] (client) page reload frontend/.next/server/pages/500.html
12:18:39 AM [vite] (client) page reload frontend/.next/export/404.html
An empty string ("") was passed to the href attribute. To fix this, either do not render the element at all or pass null to href instead of an empty string.
An empty string ("") was passed to the href attribute. To fix this, either do not render the element at all or pass null to href instead of an empty string.
An empty string ("") was passed to the href attribute. To fix this, either do not render the element at all or pass null to href instead of an empty string.
An empty string ("") was passed to the href attribute. To fix this, either do not render the element at all or pass null to href instead of an empty string.
An empty string ("") was passed to the href attribute. To fix this, either do not render the element at all or pass null to href instead of an empty string.
An empty string ("") was passed to the href attribute. To fix this, either do not render the element at all or pass null to href instead of an empty string.
An empty string ("") was passed to the href attribute. To fix this, either do not render the element at all or pass null to href instead of an empty string.
12:47:44 AM [vite] (client) hmr update /src/styles.css?direct
12:47:44 AM [vite] (client) hmr update /src/styles.css?direct
12:52:59 AM [vite] (client) hmr update /src/styles.css?direct, /src/routes/domain.tsx, /src/routes/domain.tsx?tsr-split=component
12:52:59 AM [vite] (ssr) page reload src/routes/domain.tsx
12:52:59 AM [vite] (ssr) program reload
12:54:08 AM [vite] (client) hmr update /src/routes/providers.tsx?tsr-split=component, /src/routes/services.$slug.tsx, /src/routes/__root.tsx, /src/components/layout/site-footer.tsx, /src/components/layout/site-header.tsx, /src/routes/discoveries.tsx?tsr-split=component, /src/routes/services.index.tsx?tsr-split=component, /src/routes/index.tsx?tsr-split=component, /src/routes/domain.tsx?tsr-split=component, /src/components/pages/project-form.tsx, /src/routes/contact.tsx?tsr-split=component, /src/styles.css?direct
12:54:08 AM [vite] (ssr) page reload src/lib/content.ts
12:56:21 AM [vite] (client) hmr update /src/routes/providers.tsx?tsr-split=component, /src/routes/services.$slug.tsx, /src/routes/__root.tsx, /src/components/layout/site-footer.tsx, /src/components/layout/site-header.tsx, /src/routes/discoveries.tsx?tsr-split=component, /src/routes/services.index.tsx?tsr-split=component, /src/routes/index.tsx?tsr-split=component, /src/routes/domain.tsx?tsr-split=component, /src/components/pages/project-form.tsx, /src/routes/contact.tsx?tsr-split=component, /src/styles.css?direct
12:56:21 AM [vite] (ssr) page reload src/lib/content.ts
12:56:21 AM [vite] (client) hmr update /src/styles.css?direct, /src/routes/domain.tsx, /src/routes/domain.tsx?tsr-split=component
12:56:21 AM [vite] (ssr) page reload src/routes/domain.tsx
